2026-06-03 11:52:15 | INFO | EDA | === RUN START ===
2026-06-03 11:52:15 | INFO | EDA | project=EDA
2026-06-03 11:52:15 | INFO | EDA | repo_dir=datafun-04-notebooks
2026-06-03 11:52:15 | INFO | EDA | python=3.14.5
2026-06-03 11:52:15 | INFO | EDA | os=Windows 11
2026-06-03 11:52:15 | INFO | EDA | shell=powershell
2026-06-03 11:52:15 | INFO | EDA | cwd=.
2026-06-03 11:52:15 | INFO | EDA | github_actions=False
2026-06-03 11:52:15 | INFO | EDA | ========================
2026-06-03 11:52:15 | INFO | EDA | START main()
2026-06-03 11:52:15 | INFO | EDA | ========================
2026-06-03 11:52:15 | INFO | EDA | --- Section 2: Load dataset: penguins ---
2026-06-03 11:52:15 | INFO | EDA | Loading dataset: penguins
2026-06-03 11:52:16 | INFO | EDA | Loaded: 344 rows, 7 columns
2026-06-03 11:52:16 | INFO | EDA | --- Section 3: Inspect shape and basic structure ---
2026-06-03 11:52:16 | INFO | EDA | Previewing first few rows of the dataset
2026-06-03 11:52:16 | DEBUG | EDA | 
  species     island  bill_length_mm  bill_depth_mm  flipper_length_mm  body_mass_g     sex
0  Adelie  Torgersen            39.1           18.7              181.0       3750.0    Male
1  Adelie  Torgersen            39.5           17.4              186.0       3800.0  Female
2  Adelie  Torgersen            40.3           18.0              195.0       3250.0  Female
3  Adelie  Torgersen             NaN            NaN                NaN          NaN     NaN
4  Adelie  Torgersen            36.7           19.3              193.0       3450.0  Female
2026-06-03 11:52:16 | INFO | EDA | Column names
2026-06-03 11:52:16 | DEBUG | EDA | ['species', 'island', 'bill_length_mm', 'bill_depth_mm', 'flipper_length_mm', 'body_mass_g', 'sex']
2026-06-03 11:52:16 | INFO | EDA | DataFrame info (types and non-null counts)
2026-06-03 11:52:16 | INFO | EDA | Dataset shape: 344 rows, 7 columns
2026-06-03 11:52:16 | INFO | EDA | --- Section 4: Create Data Dictionary and Check Data Quality ---
2026-06-03 11:52:16 | INFO | EDA | Building starter data dictionary
2026-06-03 11:52:16 | DEBUG | EDA | 
              column    dtype  missing_count  missing_pct
0            species      str              0         0.00
1             island      str              0         0.00
2     bill_length_mm  float64              2         0.58
3      bill_depth_mm  float64              2         0.58
4  flipper_length_mm  float64              2         0.58
5        body_mass_g  float64              2         0.58
6                sex      str             11         3.20
2026-06-03 11:52:16 | INFO | EDA | Missing values per column:
2026-06-03 11:52:16 | INFO | EDA | 
species               0
island                0
bill_length_mm        2
bill_depth_mm         2
flipper_length_mm     2
body_mass_g           2
sex                  11
dtype: int64
2026-06-03 11:52:16 | INFO | EDA | Checking missing values per column
2026-06-03 11:52:16 | DEBUG | EDA | 
sex                  11
bill_depth_mm         2
bill_length_mm        2
flipper_length_mm     2
body_mass_g           2
island                0
species               0
dtype: int64
2026-06-03 11:52:16 | INFO | EDA | Duplicate rows detected: 0
2026-06-03 11:52:16 | INFO | EDA | Call describe() for numeric columns
2026-06-03 11:52:16 | DEBUG | EDA | 
       bill_length_mm  bill_depth_mm  flipper_length_mm  body_mass_g
count      342.000000     342.000000         342.000000   342.000000
mean        43.921930      17.151170         200.915205  4201.754386
std          5.459584       1.974793          14.061714   801.954536
min         32.100000      13.100000         172.000000  2700.000000
25%         39.225000      15.600000         190.000000  3550.000000
50%         44.450000      17.300000         197.000000  4050.000000
75%         48.500000      18.700000         213.000000  4750.000000
max         59.600000      21.500000         231.000000  6300.000000

2026-06-03 11:52:16 | INFO | EDA | --- Section 5: Create a cleaned view for EDA ---
2026-06-03 11:52:16 | INFO | EDA | Creating cleaned view for EDA (dropping rows with key missing values)
2026-06-03 11:52:16 | DEBUG | EDA | Columns required to be non-missing: ['bill_length_mm', 'bill_depth_mm', 'flipper_length_mm', 'body_mass_g', 'species']
2026-06-03 11:52:16 | INFO | EDA | Original rows: 344
2026-06-03 11:52:16 | INFO | EDA | Clean rows:    342
2026-06-03 11:52:16 | INFO | EDA | Rows dropped:  2
2026-06-03 11:52:16 | INFO | EDA | --- Section 6: Descriptive statistics for numeric columns ---
2026-06-03 11:52:16 | INFO | EDA | --------------- Manual statistics ---------------
2026-06-03 11:52:16 | DEBUG | EDA | Body Mass Statistics (using numpy):
2026-06-03 11:52:16 | DEBUG | EDA |   Mean: 4201.75 g
2026-06-03 11:52:16 | DEBUG | EDA |   Std Dev: 800.78 g
2026-06-03 11:52:16 | DEBUG | EDA |   Min: 2700.00 g
2026-06-03 11:52:16 | DEBUG | EDA |   Max: 6300.00 g
2026-06-03 11:52:16 | DEBUG | EDA |   Range: 3600.00 g
2026-06-03 11:52:16 | INFO | EDA | --------------- Using pandas describe() method ---------------
2026-06-03 11:52:16 | INFO | EDA | Computing overall descriptive statistics
2026-06-03 11:52:16 | DEBUG | EDA | 
                   count         mean         std     min       25%      50%     75%     max
bill_length_mm     342.0    43.921930    5.459584    32.1    39.225    44.45    48.5    59.6
bill_depth_mm      342.0    17.151170    1.974793    13.1    15.600    17.30    18.7    21.5
flipper_length_mm  342.0   200.915205   14.061714   172.0   190.000   197.00   213.0   231.0
body_mass_g        342.0  4201.754386  801.954536  2700.0  3550.000  4050.00  4750.0  6300.0
2026-06-03 11:52:16 | INFO | EDA | --------------- Using pandas groupby() and agg() ---------------
2026-06-03 11:52:16 | INFO | EDA | Computing descriptive statistics by group
2026-06-03 11:52:16 | DEBUG | EDA | 
          bill_length_mm                                  bill_depth_mm                                   \
                   count       mean       std   min   max         count       mean       std   min   max   
species                                                                                                    
Adelie               151  38.791391  2.663405  32.1  46.0           151  18.346358  1.216650  15.5  21.5   
Chinstrap             68  48.833824  3.339256  40.9  58.0            68  18.420588  1.135395  16.4  20.8   
Gentoo               123  47.504878  3.081857  40.9  59.6           123  14.982114  0.981220  13.1  17.3   

          flipper_length_mm                                     body_mass_g                                           
                      count        mean       std    min    max       count         mean         std     min     max  
species                                                                                                               
Adelie                  151  189.953642  6.539457  172.0  210.0         151  3700.662252  458.566126  2850.0  4775.0  
Chinstrap                68  195.823529  7.131894  178.0  212.0          68  3733.088235  384.335081  2700.0  4800.0  
Gentoo                  123  217.186992  6.484976  203.0  231.0         123  5076.016260  504.116237  3950.0  6300.0  
2026-06-03 11:52:16 | INFO | EDA | 
Stacked view - easier to read in logs:
2026-06-03 11:52:16 | DEBUG | EDA | 
                             count         mean         std     min     max
species                                                                    
Adelie    bill_length_mm       151    38.791391    2.663405    32.1    46.0
          bill_depth_mm        151    18.346358    1.216650    15.5    21.5
          flipper_length_mm    151   189.953642    6.539457   172.0   210.0
          body_mass_g          151  3700.662252  458.566126  2850.0  4775.0
Chinstrap bill_length_mm        68    48.833824    3.339256    40.9    58.0
          bill_depth_mm         68    18.420588    1.135395    16.4    20.8
          flipper_length_mm     68   195.823529    7.131894   178.0   212.0
          body_mass_g           68  3733.088235  384.335081  2700.0  4800.0
Gentoo    bill_length_mm       123    47.504878    3.081857    40.9    59.6
          bill_depth_mm        123    14.982114    0.981220    13.1    17.3
          flipper_length_mm    123   217.186992    6.484976   203.0   231.0
          body_mass_g          123  5076.016260  504.116237  3950.0  6300.0
2026-06-03 11:52:16 | INFO | EDA | --- Section 7: Correlation matrix for numeric columns ---
2026-06-03 11:52:16 | INFO | EDA | Computing correlation matrix for numeric columns
2026-06-03 11:52:16 | INFO | EDA | 
Correlation matrix:
2026-06-03 11:52:16 | DEBUG | EDA | 
                   bill_length_mm  bill_depth_mm  flipper_length_mm  body_mass_g
bill_length_mm           1.000000      -0.235053           0.656181     0.595110
bill_depth_mm           -0.235053       1.000000          -0.583851    -0.471916
flipper_length_mm        0.656181      -0.583851           1.000000     0.871202
body_mass_g              0.595110      -0.471916           0.871202     1.000000
2026-06-03 11:52:16 | INFO | EDA | ---------Visualize Correlation Matrix as a Heatmap---------------
2026-06-03 11:52:17 | INFO | EDA | 
CUSTOM: Update these notes and use Markdown cells to narrate and tell the story as you explore. For example:

Interpretation:

 - Values close to 1 (dark red) = strong positive correlation (both increase together)
 - Values close to -1 (dark blue) = strong negative correlation (one increases, other decreases)
 - Values close to 0 (white) = little or no linear relationship
 - The diagonal is always 1 (each variable correlates perfectly with itself)

From this heatmap, we can see that flipper_length_mm and body_mass_g show strong positive correlation (~0.87).

2026-06-03 11:52:17 | INFO | EDA | --- Section 8: Charts ---
2026-06-03 11:52:17 | INFO | EDA | ---- Creating Scatter Plot to see Relationships ------
2026-06-03 11:52:17 | INFO | EDA | ----   Use clean dataframe ---------------------------
2026-06-03 11:52:17 | INFO | EDA | ----   Set x to flipper length -----------------------
2026-06-03 11:52:17 | INFO | EDA | ----   Set y to bill length --------------------------
2026-06-03 11:52:17 | INFO | EDA | ----   Set the hue (color mapping) to the group column --
2026-06-03 11:52:17 | INFO | EDA | ------ Creating Box Plot to see Distribution: ---------
2026-06-03 11:52:17 | INFO | EDA | ------   Use clean dataframe --------------------------
2026-06-03 11:52:17 | INFO | EDA | ------   Set x to the group column --------------------
2026-06-03 11:52:17 | INFO | EDA | ------   Set y to flipper length ----------------------
2026-06-03 11:52:17 | INFO | EDA | --- Section 9: Summary and next steps ---
2026-06-03 11:52:17 | INFO | EDA | ========================
2026-06-03 11:52:17 | INFO | EDA | SUMMARY
2026-06-03 11:52:17 | INFO | EDA | ========================
2026-06-03 11:52:17 | INFO | EDA | Dataset: penguins
2026-06-03 11:52:17 | INFO | EDA | Original rows: 344
2026-06-03 11:52:17 | INFO | EDA | Clean rows:    342
2026-06-03 11:52:17 | INFO | EDA | Groups found in species: ['Adelie', 'Chinstrap', 'Gentoo']
2026-06-03 11:52:17 | INFO | EDA | Strongest correlation: 
2026-06-03 11:52:17 | INFO | EDA |   flipper_length_mm and body_mass_g (~0.87)
2026-06-03 11:52:17 | INFO | EDA | Suggested next step: 
2026-06-03 11:52:17 | INFO | EDA |   Model body_mass_g ~ flipper_length_mm with linear regression
2026-06-03 11:52:17 | INFO | EDA | ----- in a script, call plt.show() once at the end to display all charts -----
2026-06-03 11:52:17 | INFO | EDA | ----- in a script, close the chart windows (with the close button) to continue  -----
2026-06-03 11:54:04 | INFO | EDA | EDA workflow complete
2026-06-03 11:54:04 | INFO | EDA | IMPORTANT: This script creates chart windows.
2026-06-03 11:54:04 | INFO | EDA | Close any chart windows and terminate this process with CTRL+c as needed.
2026-06-03 11:54:04 | INFO | EDA | ========================
2026-06-03 11:54:04 | INFO | EDA | Executed successfully!
2026-06-03 11:54:04 | INFO | EDA | ========================
2026-06-03 12:03:27 | INFO | EDA-NB | === RUN START ===
2026-06-03 12:03:27 | INFO | EDA-NB | project=EDA-NB
2026-06-03 12:03:27 | INFO | EDA-NB | repo_dir=datafun-04-notebooks
2026-06-03 12:03:27 | INFO | EDA-NB | python=3.14.5
2026-06-03 12:03:27 | INFO | EDA-NB | os=Windows 11
2026-06-03 12:03:27 | INFO | EDA-NB | shell=powershell
2026-06-03 12:03:27 | INFO | EDA-NB | cwd=notebooks
2026-06-03 12:03:27 | INFO | EDA-NB | github_actions=False
2026-06-03 12:03:27 | INFO | EDA-NB | Imports complete.
2026-06-03 12:04:29 | INFO | EDA-NB | === RUN START ===
2026-06-03 12:04:29 | INFO | EDA-NB | project=EDA-NB
2026-06-03 12:04:29 | INFO | EDA-NB | repo_dir=datafun-04-notebooks
2026-06-03 12:04:29 | INFO | EDA-NB | python=3.14.5
2026-06-03 12:04:29 | INFO | EDA-NB | os=Windows 11
2026-06-03 12:04:29 | INFO | EDA-NB | shell=powershell
2026-06-03 12:04:29 | INFO | EDA-NB | cwd=notebooks
2026-06-03 12:04:29 | INFO | EDA-NB | github_actions=False
2026-06-03 12:04:29 | INFO | EDA-NB | Imports complete.
2026-06-03 12:05:27 | INFO | EDA-NB | === RUN START ===
2026-06-03 12:05:27 | INFO | EDA-NB | project=EDA-NB
2026-06-03 12:05:27 | INFO | EDA-NB | repo_dir=datafun-04-notebooks
2026-06-03 12:05:27 | INFO | EDA-NB | python=3.14.5
2026-06-03 12:05:27 | INFO | EDA-NB | os=Windows 11
2026-06-03 12:05:27 | INFO | EDA-NB | shell=powershell
2026-06-03 12:05:27 | INFO | EDA-NB | cwd=notebooks
2026-06-03 12:05:27 | INFO | EDA-NB | github_actions=False
2026-06-03 12:05:27 | INFO | EDA-NB | Imports complete.
2026-06-03 12:07:56 | INFO | EDA-NB | === RUN START ===
2026-06-03 12:07:56 | INFO | EDA-NB | project=EDA-NB
2026-06-03 12:07:56 | INFO | EDA-NB | repo_dir=datafun-04-notebooks
2026-06-03 12:07:56 | INFO | EDA-NB | python=3.14.5
2026-06-03 12:07:56 | INFO | EDA-NB | os=Windows 11
2026-06-03 12:07:56 | INFO | EDA-NB | shell=powershell
2026-06-03 12:07:56 | INFO | EDA-NB | cwd=notebooks
2026-06-03 12:07:56 | INFO | EDA-NB | github_actions=False
2026-06-03 12:07:56 | INFO | EDA-NB | Imports complete.
2026-06-03 12:07:56 | INFO | EDA-NB | Loading dataset: penguins
2026-06-03 12:07:56 | INFO | EDA-NB | Loaded: 344 rows, 7 columns
2026-06-03 12:07:56 | INFO | EDA-NB | Previewing first few rows of the dataset
2026-06-03 12:07:57 | INFO | EDA-NB | Column names
2026-06-03 12:07:57 | INFO | EDA-NB | DataFrame info (types and non-null counts)
2026-06-03 12:07:57 | INFO | EDA-NB | Dataset shape: 344 rows, 7 columns
2026-06-03 12:07:57 | INFO | EDA-NB | Building starter data dictionary
2026-06-03 12:07:57 | DEBUG | EDA-NB | 
              column    dtype  missing_count  missing_pct
0            species      str              0         0.00
1             island      str              0         0.00
2     bill_length_mm  float64              2         0.58
3      bill_depth_mm  float64              2         0.58
4  flipper_length_mm  float64              2         0.58
5        body_mass_g  float64              2         0.58
6                sex      str             11         3.20
2026-06-03 12:07:57 | INFO | EDA-NB | Missing values per column:
2026-06-03 12:07:57 | INFO | EDA-NB | species               0
island                0
bill_length_mm        2
bill_depth_mm         2
flipper_length_mm     2
body_mass_g           2
sex                  11
dtype: int64
2026-06-03 12:07:57 | INFO | EDA-NB | Checking missing values per column
2026-06-03 12:07:57 | DEBUG | EDA-NB | 
sex                  11
bill_depth_mm         2
bill_length_mm        2
flipper_length_mm     2
body_mass_g           2
island                0
species               0
dtype: int64
2026-06-03 12:07:57 | INFO | EDA-NB | Duplicate rows detected: 0
2026-06-03 12:07:57 | INFO | EDA-NB | Call describe() for numeric columns
2026-06-03 12:07:57 | DEBUG | EDA-NB | 
       bill_length_mm  bill_depth_mm  flipper_length_mm  body_mass_g
count      342.000000     342.000000         342.000000   342.000000
mean        43.921930      17.151170         200.915205  4201.754386
std          5.459584       1.974793          14.061714   801.954536
min         32.100000      13.100000         172.000000  2700.000000
25%         39.225000      15.600000         190.000000  3550.000000
50%         44.450000      17.300000         197.000000  4050.000000
75%         48.500000      18.700000         213.000000  4750.000000
max         59.600000      21.500000         231.000000  6300.000000

2026-06-03 12:07:57 | DEBUG | EDA-NB | Columns required to be non-missing: ['bill_length_mm', 'bill_depth_mm', 'flipper_length_mm', 'body_mass_g', 'species']
2026-06-03 12:07:57 | INFO | EDA-NB | Original rows: 344
2026-06-03 12:07:57 | INFO | EDA-NB | Clean rows:    342
2026-06-03 12:07:57 | INFO | EDA-NB | Rows dropped:  2
2026-06-03 12:07:57 | INFO | EDA-NB | --------------- Manual statistics ---------------
2026-06-03 12:07:57 | INFO | EDA-NB | Body Mass Statistics (using numpy):
2026-06-03 12:07:57 | INFO | EDA-NB |   Mean: 4201.75 g
2026-06-03 12:07:57 | INFO | EDA-NB |   Std Dev: 800.78 g
2026-06-03 12:07:57 | INFO | EDA-NB |   Min: 2700.00 g
2026-06-03 12:07:57 | INFO | EDA-NB |   Max: 6300.00 g
2026-06-03 12:07:57 | INFO | EDA-NB |   Range: 3600.00 g
2026-06-03 12:07:57 | INFO | EDA-NB | Computing overall descriptive statistics
2026-06-03 12:07:57 | DEBUG | EDA-NB | 
                   count         mean         std     min       25%      50%     75%     max
bill_length_mm     342.0    43.921930    5.459584    32.1    39.225    44.45    48.5    59.6
bill_depth_mm      342.0    17.151170    1.974793    13.1    15.600    17.30    18.7    21.5
flipper_length_mm  342.0   200.915205   14.061714   172.0   190.000   197.00   213.0   231.0
body_mass_g        342.0  4201.754386  801.954536  2700.0  3550.000  4050.00  4750.0  6300.0
2026-06-03 12:07:57 | INFO | EDA-NB | --------------- Using pandas groupby() and agg() ---------------
2026-06-03 12:07:57 | INFO | EDA-NB | Computing descriptive statistics by group
2026-06-03 12:07:57 | DEBUG | EDA-NB | 
          bill_length_mm                                  bill_depth_mm                                   \
                   count       mean       std   min   max         count       mean       std   min   max   
species                                                                                                    
Adelie               151  38.791391  2.663405  32.1  46.0           151  18.346358  1.216650  15.5  21.5   
Chinstrap             68  48.833824  3.339256  40.9  58.0            68  18.420588  1.135395  16.4  20.8   
Gentoo               123  47.504878  3.081857  40.9  59.6           123  14.982114  0.981220  13.1  17.3   

          flipper_length_mm                                     body_mass_g                                           
                      count        mean       std    min    max       count         mean         std     min     max  
species                                                                                                               
Adelie                  151  189.953642  6.539457  172.0  210.0         151  3700.662252  458.566126  2850.0  4775.0  
Chinstrap                68  195.823529  7.131894  178.0  212.0          68  3733.088235  384.335081  2700.0  4800.0  
Gentoo                  123  217.186992  6.484976  203.0  231.0         123  5076.016260  504.116237  3950.0  6300.0  
2026-06-03 12:07:57 | INFO | EDA-NB | --------------- Improving the output ---------------
2026-06-03 12:07:57 | DEBUG | EDA-NB | 
                             count         mean         std     min     max
species                                                                    
Adelie    bill_length_mm       151    38.791391    2.663405    32.1    46.0
          bill_depth_mm        151    18.346358    1.216650    15.5    21.5
          flipper_length_mm    151   189.953642    6.539457   172.0   210.0
          body_mass_g          151  3700.662252  458.566126  2850.0  4775.0
Chinstrap bill_length_mm        68    48.833824    3.339256    40.9    58.0
          bill_depth_mm         68    18.420588    1.135395    16.4    20.8
          flipper_length_mm     68   195.823529    7.131894   178.0   212.0
          body_mass_g           68  3733.088235  384.335081  2700.0  4800.0
Gentoo    bill_length_mm       123    47.504878    3.081857    40.9    59.6
          bill_depth_mm        123    14.982114    0.981220    13.1    17.3
          flipper_length_mm    123   217.186992    6.484976   203.0   231.0
          body_mass_g          123  5076.016260  504.116237  3950.0  6300.0
2026-06-03 12:07:57 | INFO | EDA-NB | Computing correlation matrix for numeric columns
2026-06-03 12:07:57 | INFO | EDA-NB | 
Correlation matrix:
2026-06-03 12:07:57 | DEBUG | EDA-NB | 
                   bill_length_mm  bill_depth_mm  flipper_length_mm  body_mass_g
bill_length_mm           1.000000      -0.235053           0.656181     0.595110
bill_depth_mm           -0.235053       1.000000          -0.583851    -0.471916
flipper_length_mm        0.656181      -0.583851           1.000000     0.871202
body_mass_g              0.595110      -0.471916           0.871202     1.000000
2026-06-03 12:07:57 | INFO | EDA-NB | ---------Visualize Correlation Matrix as a Heatmap---------------
2026-06-03 12:07:57 | INFO | EDA-NB | ---- Creating Scatter Plot to see Relationships ------
2026-06-03 12:07:57 | INFO | EDA-NB | ----   Use clean dataframe ---------------------------
2026-06-03 12:07:57 | INFO | EDA-NB | ----   Set x to flipper length -----------------------
2026-06-03 12:07:57 | INFO | EDA-NB | ----   Set y to bill length --------------------------
2026-06-03 12:07:57 | INFO | EDA-NB | ----   Set the hue (color mapping) to the group column --
2026-06-03 12:07:57 | INFO | EDA-NB | ------- Creating another chart -------
2026-06-03 12:07:57 | INFO | EDA-NB | ------ Creating Box Plot to see Distribution: ---------
2026-06-03 12:07:57 | INFO | EDA-NB | ------   Use clean dataframe --------------------------
2026-06-03 12:07:57 | INFO | EDA-NB | ------   Set x to the group column --------------------
2026-06-03 12:07:57 | INFO | EDA-NB | ------   Set y to flipper length ----------------------
2026-06-03 12:07:57 | INFO | EDA-NB | ========================
2026-06-03 12:07:57 | INFO | EDA-NB | SUMMARY
2026-06-03 12:07:57 | INFO | EDA-NB | ========================
2026-06-03 12:07:57 | INFO | EDA-NB | Dataset: penguins
2026-06-03 12:07:57 | INFO | EDA-NB | Original rows: 344
2026-06-03 12:07:57 | INFO | EDA-NB | Clean rows:    342
2026-06-03 12:07:57 | INFO | EDA-NB | Groups found in species: ['Adelie', 'Chinstrap', 'Gentoo']
2026-06-03 12:07:57 | INFO | EDA-NB | Strongest correlation: 
2026-06-03 12:07:57 | INFO | EDA-NB |   flipper_length_mm and body_mass_g (~0.87)
2026-06-03 12:07:57 | INFO | EDA-NB | Suggested next step: 
2026-06-03 12:07:57 | INFO | EDA-NB |   Model body_mass_g ~ flipper_length_mm with linear regression
2026-06-03 12:07:57 | INFO | EDA-NB | EDA workflow complete
2026-06-03 12:07:57 | INFO | EDA-NB | IMPORTANT: This script creates chart windows.
2026-06-03 12:07:57 | INFO | EDA-NB | Close any chart windows and terminate this process with CTRL+c as needed.
2026-06-03 12:07:57 | INFO | EDA-NB | ========================
2026-06-03 12:07:57 | INFO | EDA-NB | Executed successfully!
2026-06-03 12:07:57 | INFO | EDA-NB | ========================
2026-06-03 12:12:45 | INFO | EDA-NB | === RUN START ===
2026-06-03 12:12:45 | INFO | EDA-NB | project=EDA-NB
2026-06-03 12:12:45 | INFO | EDA-NB | repo_dir=datafun-04-notebooks
2026-06-03 12:12:45 | INFO | EDA-NB | python=3.14.5
2026-06-03 12:12:45 | INFO | EDA-NB | os=Windows 11
2026-06-03 12:12:45 | INFO | EDA-NB | shell=powershell
2026-06-03 12:12:45 | INFO | EDA-NB | cwd=notebooks
2026-06-03 12:12:45 | INFO | EDA-NB | github_actions=False
2026-06-03 12:12:45 | INFO | EDA-NB | Imports complete.
2026-06-03 12:13:03 | INFO | EDA-NB | === RUN START ===
2026-06-03 12:13:03 | INFO | EDA-NB | project=EDA-NB
2026-06-03 12:13:03 | INFO | EDA-NB | repo_dir=datafun-04-notebooks
2026-06-03 12:13:03 | INFO | EDA-NB | python=3.14.5
2026-06-03 12:13:03 | INFO | EDA-NB | os=Windows 11
2026-06-03 12:13:03 | INFO | EDA-NB | shell=powershell
2026-06-03 12:13:03 | INFO | EDA-NB | cwd=notebooks
2026-06-03 12:13:03 | INFO | EDA-NB | github_actions=False
2026-06-03 12:13:03 | INFO | EDA-NB | Imports complete.
2026-06-03 12:14:12 | INFO | EDA-NB | === RUN START ===
2026-06-03 12:14:12 | INFO | EDA-NB | project=EDA-NB
2026-06-03 12:14:12 | INFO | EDA-NB | repo_dir=datafun-04-notebooks
2026-06-03 12:14:12 | INFO | EDA-NB | python=3.14.5
2026-06-03 12:14:12 | INFO | EDA-NB | os=Windows 11
2026-06-03 12:14:12 | INFO | EDA-NB | shell=powershell
2026-06-03 12:14:12 | INFO | EDA-NB | cwd=notebooks
2026-06-03 12:14:12 | INFO | EDA-NB | github_actions=False
2026-06-03 12:14:12 | INFO | EDA-NB | Imports complete.
2026-06-03 12:18:19 | INFO | EDA-NB | === RUN START ===
2026-06-03 12:18:19 | INFO | EDA-NB | project=EDA-NB
2026-06-03 12:18:19 | INFO | EDA-NB | repo_dir=datafun-04-notebooks
2026-06-03 12:18:19 | INFO | EDA-NB | python=3.14.5
2026-06-03 12:18:19 | INFO | EDA-NB | os=Windows 11
2026-06-03 12:18:19 | INFO | EDA-NB | shell=powershell
2026-06-03 12:18:19 | INFO | EDA-NB | cwd=notebooks
2026-06-03 12:18:19 | INFO | EDA-NB | github_actions=False
2026-06-03 12:18:19 | INFO | EDA-NB | Imports complete.
2026-06-03 12:18:19 | INFO | EDA-NB | Loading dataset: penguins
2026-06-03 12:18:19 | INFO | EDA-NB | Loaded: 344 rows, 7 columns
2026-06-03 12:18:19 | INFO | EDA-NB | Previewing first few rows of the dataset
2026-06-03 12:18:19 | INFO | EDA-NB | Column names
2026-06-03 12:18:19 | INFO | EDA-NB | DataFrame info (types and non-null counts)
2026-06-03 12:18:19 | INFO | EDA-NB | Dataset shape: 344 rows, 7 columns
2026-06-03 12:18:19 | INFO | EDA-NB | Building starter data dictionary
2026-06-03 12:18:19 | DEBUG | EDA-NB | 
              column    dtype  missing_count  missing_pct
0            species      str              0         0.00
1             island      str              0         0.00
2     bill_length_mm  float64              2         0.58
3      bill_depth_mm  float64              2         0.58
4  flipper_length_mm  float64              2         0.58
5        body_mass_g  float64              2         0.58
6                sex      str             11         3.20
2026-06-03 12:18:19 | INFO | EDA-NB | Missing values per column:
2026-06-03 12:18:19 | INFO | EDA-NB | species               0
island                0
bill_length_mm        2
bill_depth_mm         2
flipper_length_mm     2
body_mass_g           2
sex                  11
dtype: int64
2026-06-03 12:18:19 | INFO | EDA-NB | Checking missing values per column
2026-06-03 12:18:19 | DEBUG | EDA-NB | 
sex                  11
bill_depth_mm         2
bill_length_mm        2
flipper_length_mm     2
body_mass_g           2
island                0
species               0
dtype: int64
2026-06-03 12:18:19 | INFO | EDA-NB | Duplicate rows detected: 0
2026-06-03 12:18:19 | INFO | EDA-NB | Call describe() for numeric columns
2026-06-03 12:18:19 | DEBUG | EDA-NB | 
       bill_length_mm  bill_depth_mm  flipper_length_mm  body_mass_g
count      342.000000     342.000000         342.000000   342.000000
mean        43.921930      17.151170         200.915205  4201.754386
std          5.459584       1.974793          14.061714   801.954536
min         32.100000      13.100000         172.000000  2700.000000
25%         39.225000      15.600000         190.000000  3550.000000
50%         44.450000      17.300000         197.000000  4050.000000
75%         48.500000      18.700000         213.000000  4750.000000
max         59.600000      21.500000         231.000000  6300.000000

2026-06-03 12:18:19 | DEBUG | EDA-NB | Columns required to be non-missing: ['bill_length_mm', 'bill_depth_mm', 'flipper_length_mm', 'body_mass_g', 'species']
2026-06-03 12:18:19 | INFO | EDA-NB | Original rows: 344
2026-06-03 12:18:19 | INFO | EDA-NB | Clean rows:    342
2026-06-03 12:18:19 | INFO | EDA-NB | Rows dropped:  2
2026-06-03 12:18:19 | INFO | EDA-NB | --------------- Manual statistics ---------------
2026-06-03 12:18:19 | INFO | EDA-NB | Body Mass Statistics (using numpy):
2026-06-03 12:18:19 | INFO | EDA-NB |   Mean: 4201.75 g
2026-06-03 12:18:19 | INFO | EDA-NB |   Std Dev: 800.78 g
2026-06-03 12:18:19 | INFO | EDA-NB |   Min: 2700.00 g
2026-06-03 12:18:19 | INFO | EDA-NB |   Max: 6300.00 g
2026-06-03 12:18:19 | INFO | EDA-NB |   Range: 3600.00 g
2026-06-03 12:18:19 | INFO | EDA-NB | Computing overall descriptive statistics
2026-06-03 12:18:19 | DEBUG | EDA-NB | 
                   count         mean         std     min       25%      50%     75%     max
bill_length_mm     342.0    43.921930    5.459584    32.1    39.225    44.45    48.5    59.6
bill_depth_mm      342.0    17.151170    1.974793    13.1    15.600    17.30    18.7    21.5
flipper_length_mm  342.0   200.915205   14.061714   172.0   190.000   197.00   213.0   231.0
body_mass_g        342.0  4201.754386  801.954536  2700.0  3550.000  4050.00  4750.0  6300.0
2026-06-03 12:18:19 | INFO | EDA-NB | --------------- Using pandas groupby() and agg() ---------------
2026-06-03 12:18:19 | INFO | EDA-NB | Computing descriptive statistics by group
2026-06-03 12:18:19 | DEBUG | EDA-NB | 
          bill_length_mm                                  bill_depth_mm                                   \
                   count       mean       std   min   max         count       mean       std   min   max   
species                                                                                                    
Adelie               151  38.791391  2.663405  32.1  46.0           151  18.346358  1.216650  15.5  21.5   
Chinstrap             68  48.833824  3.339256  40.9  58.0            68  18.420588  1.135395  16.4  20.8   
Gentoo               123  47.504878  3.081857  40.9  59.6           123  14.982114  0.981220  13.1  17.3   

          flipper_length_mm                                     body_mass_g                                           
                      count        mean       std    min    max       count         mean         std     min     max  
species                                                                                                               
Adelie                  151  189.953642  6.539457  172.0  210.0         151  3700.662252  458.566126  2850.0  4775.0  
Chinstrap                68  195.823529  7.131894  178.0  212.0          68  3733.088235  384.335081  2700.0  4800.0  
Gentoo                  123  217.186992  6.484976  203.0  231.0         123  5076.016260  504.116237  3950.0  6300.0  
2026-06-03 12:18:19 | INFO | EDA-NB | --------------- Improving the output ---------------
2026-06-03 12:18:19 | DEBUG | EDA-NB | 
                             count         mean         std     min     max
species                                                                    
Adelie    bill_length_mm       151    38.791391    2.663405    32.1    46.0
          bill_depth_mm        151    18.346358    1.216650    15.5    21.5
          flipper_length_mm    151   189.953642    6.539457   172.0   210.0
          body_mass_g          151  3700.662252  458.566126  2850.0  4775.0
Chinstrap bill_length_mm        68    48.833824    3.339256    40.9    58.0
          bill_depth_mm         68    18.420588    1.135395    16.4    20.8
          flipper_length_mm     68   195.823529    7.131894   178.0   212.0
          body_mass_g           68  3733.088235  384.335081  2700.0  4800.0
Gentoo    bill_length_mm       123    47.504878    3.081857    40.9    59.6
          bill_depth_mm        123    14.982114    0.981220    13.1    17.3
          flipper_length_mm    123   217.186992    6.484976   203.0   231.0
          body_mass_g          123  5076.016260  504.116237  3950.0  6300.0
2026-06-03 12:18:19 | INFO | EDA-NB | Computing correlation matrix for numeric columns
2026-06-03 12:18:19 | INFO | EDA-NB | 
Correlation matrix:
2026-06-03 12:18:19 | DEBUG | EDA-NB | 
                   bill_length_mm  bill_depth_mm  flipper_length_mm  body_mass_g
bill_length_mm           1.000000      -0.235053           0.656181     0.595110
bill_depth_mm           -0.235053       1.000000          -0.583851    -0.471916
flipper_length_mm        0.656181      -0.583851           1.000000     0.871202
body_mass_g              0.595110      -0.471916           0.871202     1.000000
2026-06-03 12:18:19 | INFO | EDA-NB | ---------Visualize Correlation Matrix as a Heatmap---------------
2026-06-03 12:18:20 | INFO | EDA-NB | ---- Creating Scatter Plot to see Relationships ------
2026-06-03 12:18:20 | INFO | EDA-NB | ----   Use clean dataframe ---------------------------
2026-06-03 12:18:20 | INFO | EDA-NB | ----   Set x to flipper length -----------------------
2026-06-03 12:18:20 | INFO | EDA-NB | ----   Set y to bill length --------------------------
2026-06-03 12:18:20 | INFO | EDA-NB | ----   Set the hue (color mapping) to the group column --
2026-06-03 12:18:20 | INFO | EDA-NB | ------- Creating another chart -------
2026-06-03 12:18:20 | INFO | EDA-NB | ------ Creating Box Plot to see Distribution: ---------
2026-06-03 12:18:20 | INFO | EDA-NB | ------   Use clean dataframe --------------------------
2026-06-03 12:18:20 | INFO | EDA-NB | ------   Set x to the group column --------------------
2026-06-03 12:18:20 | INFO | EDA-NB | ------   Set y to flipper length ----------------------
2026-06-03 12:18:20 | INFO | EDA-NB | ========================
2026-06-03 12:18:20 | INFO | EDA-NB | SUMMARY
2026-06-03 12:18:20 | INFO | EDA-NB | ========================
2026-06-03 12:18:20 | INFO | EDA-NB | Dataset: penguins
2026-06-03 12:18:20 | INFO | EDA-NB | Original rows: 344
2026-06-03 12:18:20 | INFO | EDA-NB | Clean rows:    342
2026-06-03 12:18:20 | INFO | EDA-NB | Groups found in species: ['Adelie', 'Chinstrap', 'Gentoo']
2026-06-03 12:18:20 | INFO | EDA-NB | Strongest correlation: 
2026-06-03 12:18:20 | INFO | EDA-NB |   flipper_length_mm and body_mass_g (~0.87)
2026-06-03 12:18:20 | INFO | EDA-NB | Suggested next step: 
2026-06-03 12:18:20 | INFO | EDA-NB |   Model body_mass_g ~ flipper_length_mm with linear regression
2026-06-03 12:18:20 | INFO | EDA-NB | EDA workflow complete
2026-06-03 12:18:20 | INFO | EDA-NB | IMPORTANT: This script creates chart windows.
2026-06-03 12:18:20 | INFO | EDA-NB | Close any chart windows and terminate this process with CTRL+c as needed.
2026-06-03 12:18:20 | INFO | EDA-NB | ========================
2026-06-03 12:18:20 | INFO | EDA-NB | Executed successfully!
2026-06-03 12:18:20 | INFO | EDA-NB | ========================
2026-06-05 15:09:07 | INFO | EDA-NB | === RUN START ===
2026-06-05 15:09:07 | INFO | EDA-NB | project=EDA-NB
2026-06-05 15:09:07 | INFO | EDA-NB | repo_dir=datafun-04-notebooks
2026-06-05 15:09:07 | INFO | EDA-NB | python=3.14.5
2026-06-05 15:09:07 | INFO | EDA-NB | os=Windows 11
2026-06-05 15:09:07 | INFO | EDA-NB | shell=powershell
2026-06-05 15:09:07 | INFO | EDA-NB | cwd=notebooks
2026-06-05 15:09:07 | INFO | EDA-NB | github_actions=False
2026-06-05 15:09:07 | INFO | EDA-NB | Imports complete.
2026-06-05 15:09:07 | INFO | EDA-NB | Loading dataset: penguins
2026-06-05 15:09:07 | INFO | EDA-NB | Loaded: 344 rows, 7 columns
2026-06-05 15:09:07 | INFO | EDA-NB | Previewing first few rows of the dataset
2026-06-05 15:09:07 | INFO | EDA-NB | Column names
2026-06-05 15:09:07 | INFO | EDA-NB | DataFrame info (types and non-null counts)
2026-06-05 15:09:07 | INFO | EDA-NB | Dataset shape: 344 rows, 7 columns
2026-06-05 15:09:07 | INFO | EDA-NB | Building starter data dictionary
2026-06-05 15:09:07 | DEBUG | EDA-NB | 
              column    dtype  missing_count  missing_pct
0            species      str              0         0.00
1             island      str              0         0.00
2     bill_length_mm  float64              2         0.58
3      bill_depth_mm  float64              2         0.58
4  flipper_length_mm  float64              2         0.58
5        body_mass_g  float64              2         0.58
6                sex      str             11         3.20
2026-06-05 15:09:07 | INFO | EDA-NB | Missing values per column:
2026-06-05 15:09:07 | INFO | EDA-NB | species               0
island                0
bill_length_mm        2
bill_depth_mm         2
flipper_length_mm     2
body_mass_g           2
sex                  11
dtype: int64
2026-06-05 15:09:07 | INFO | EDA-NB | Checking missing values per column
2026-06-05 15:09:07 | DEBUG | EDA-NB | 
sex                  11
bill_depth_mm         2
bill_length_mm        2
flipper_length_mm     2
body_mass_g           2
island                0
species               0
dtype: int64
2026-06-05 15:09:07 | INFO | EDA-NB | Duplicate rows detected: 0
2026-06-05 15:09:07 | INFO | EDA-NB | Call describe() for numeric columns
2026-06-05 15:09:07 | DEBUG | EDA-NB | 
       bill_length_mm  bill_depth_mm  flipper_length_mm  body_mass_g
count      342.000000     342.000000         342.000000   342.000000
mean        43.921930      17.151170         200.915205  4201.754386
std          5.459584       1.974793          14.061714   801.954536
min         32.100000      13.100000         172.000000  2700.000000
25%         39.225000      15.600000         190.000000  3550.000000
50%         44.450000      17.300000         197.000000  4050.000000
75%         48.500000      18.700000         213.000000  4750.000000
max         59.600000      21.500000         231.000000  6300.000000

2026-06-05 15:09:07 | DEBUG | EDA-NB | Columns required to be non-missing: ['bill_length_mm', 'bill_depth_mm', 'flipper_length_mm', 'body_mass_g', 'species']
2026-06-05 15:09:07 | INFO | EDA-NB | Original rows: 344
2026-06-05 15:09:07 | INFO | EDA-NB | Clean rows:    342
2026-06-05 15:09:07 | INFO | EDA-NB | Rows dropped:  2
2026-06-05 15:09:07 | INFO | EDA-NB | --------------- Manual statistics ---------------
2026-06-05 15:09:07 | INFO | EDA-NB | Body Mass Statistics (using numpy):
2026-06-05 15:09:07 | INFO | EDA-NB |   Mean: 4201.75 g
2026-06-05 15:09:07 | INFO | EDA-NB |   Std Dev: 800.78 g
2026-06-05 15:09:07 | INFO | EDA-NB |   Min: 2700.00 g
2026-06-05 15:09:07 | INFO | EDA-NB |   Max: 6300.00 g
2026-06-05 15:09:07 | INFO | EDA-NB |   Range: 3600.00 g
2026-06-05 15:09:07 | INFO | EDA-NB | Computing overall descriptive statistics
2026-06-05 15:09:07 | DEBUG | EDA-NB | 
                   count         mean         std     min       25%      50%     75%     max
bill_length_mm     342.0    43.921930    5.459584    32.1    39.225    44.45    48.5    59.6
bill_depth_mm      342.0    17.151170    1.974793    13.1    15.600    17.30    18.7    21.5
flipper_length_mm  342.0   200.915205   14.061714   172.0   190.000   197.00   213.0   231.0
body_mass_g        342.0  4201.754386  801.954536  2700.0  3550.000  4050.00  4750.0  6300.0
2026-06-05 15:09:07 | INFO | EDA-NB | --------------- Using pandas groupby() and agg() ---------------
2026-06-05 15:09:07 | INFO | EDA-NB | Computing descriptive statistics by group
2026-06-05 15:09:07 | DEBUG | EDA-NB | 
          bill_length_mm                                  bill_depth_mm                                   \
                   count       mean       std   min   max         count       mean       std   min   max   
species                                                                                                    
Adelie               151  38.791391  2.663405  32.1  46.0           151  18.346358  1.216650  15.5  21.5   
Chinstrap             68  48.833824  3.339256  40.9  58.0            68  18.420588  1.135395  16.4  20.8   
Gentoo               123  47.504878  3.081857  40.9  59.6           123  14.982114  0.981220  13.1  17.3   

          flipper_length_mm                                     body_mass_g                                           
                      count        mean       std    min    max       count         mean         std     min     max  
species                                                                                                               
Adelie                  151  189.953642  6.539457  172.0  210.0         151  3700.662252  458.566126  2850.0  4775.0  
Chinstrap                68  195.823529  7.131894  178.0  212.0          68  3733.088235  384.335081  2700.0  4800.0  
Gentoo                  123  217.186992  6.484976  203.0  231.0         123  5076.016260  504.116237  3950.0  6300.0  
2026-06-05 15:09:07 | INFO | EDA-NB | --------------- Improving the output ---------------
2026-06-05 15:09:07 | DEBUG | EDA-NB | 
                             count         mean         std     min     max
species                                                                    
Adelie    bill_length_mm       151    38.791391    2.663405    32.1    46.0
          bill_depth_mm        151    18.346358    1.216650    15.5    21.5
          flipper_length_mm    151   189.953642    6.539457   172.0   210.0
          body_mass_g          151  3700.662252  458.566126  2850.0  4775.0
Chinstrap bill_length_mm        68    48.833824    3.339256    40.9    58.0
          bill_depth_mm         68    18.420588    1.135395    16.4    20.8
          flipper_length_mm     68   195.823529    7.131894   178.0   212.0
          body_mass_g           68  3733.088235  384.335081  2700.0  4800.0
Gentoo    bill_length_mm       123    47.504878    3.081857    40.9    59.6
          bill_depth_mm        123    14.982114    0.981220    13.1    17.3
          flipper_length_mm    123   217.186992    6.484976   203.0   231.0
          body_mass_g          123  5076.016260  504.116237  3950.0  6300.0
2026-06-05 15:09:07 | INFO | EDA-NB | Computing correlation matrix for numeric columns
2026-06-05 15:09:07 | INFO | EDA-NB | 
Correlation matrix:
2026-06-05 15:09:07 | DEBUG | EDA-NB | 
                   bill_length_mm  bill_depth_mm  flipper_length_mm  body_mass_g
bill_length_mm           1.000000      -0.235053           0.656181     0.595110
bill_depth_mm           -0.235053       1.000000          -0.583851    -0.471916
flipper_length_mm        0.656181      -0.583851           1.000000     0.871202
body_mass_g              0.595110      -0.471916           0.871202     1.000000
2026-06-05 15:09:07 | INFO | EDA-NB | ---------Visualize Correlation Matrix as a Heatmap---------------
2026-06-05 15:09:07 | INFO | EDA-NB | ---- Creating Scatter Plot to see Relationships ------
2026-06-05 15:09:07 | INFO | EDA-NB | ----   Use clean dataframe ---------------------------
2026-06-05 15:09:07 | INFO | EDA-NB | ----   Set x to flipper length -----------------------
2026-06-05 15:09:07 | INFO | EDA-NB | ----   Set y to bill length --------------------------
2026-06-05 15:09:07 | INFO | EDA-NB | ----   Set the hue (color mapping) to the group column --
2026-06-05 15:09:07 | INFO | EDA-NB | ------- Creating another chart -------
2026-06-05 15:09:07 | INFO | EDA-NB | ------ Creating Box Plot to see Distribution: ---------
2026-06-05 15:09:07 | INFO | EDA-NB | ------   Use clean dataframe --------------------------
2026-06-05 15:09:07 | INFO | EDA-NB | ------   Set x to the group column --------------------
2026-06-05 15:09:07 | INFO | EDA-NB | ------   Set y to flipper length ----------------------
2026-06-05 15:09:08 | INFO | EDA-NB | ========================
2026-06-05 15:09:08 | INFO | EDA-NB | SUMMARY
2026-06-05 15:09:08 | INFO | EDA-NB | ========================
2026-06-05 15:09:08 | INFO | EDA-NB | Dataset: penguins
2026-06-05 15:09:08 | INFO | EDA-NB | Original rows: 344
2026-06-05 15:09:08 | INFO | EDA-NB | Clean rows:    342
2026-06-05 15:09:08 | INFO | EDA-NB | Groups found in species: ['Adelie', 'Chinstrap', 'Gentoo']
2026-06-05 15:09:08 | INFO | EDA-NB | Strongest correlation: 
2026-06-05 15:09:08 | INFO | EDA-NB |   flipper_length_mm and body_mass_g (~0.87)
2026-06-05 15:09:08 | INFO | EDA-NB | Suggested next step: 
2026-06-05 15:09:08 | INFO | EDA-NB |   Model body_mass_g ~ flipper_length_mm with linear regression
2026-06-05 15:09:08 | INFO | EDA-NB | EDA workflow complete
2026-06-05 15:09:08 | INFO | EDA-NB | IMPORTANT: This script creates chart windows.
2026-06-05 15:09:08 | INFO | EDA-NB | Close any chart windows and terminate this process with CTRL+c as needed.
2026-06-05 15:09:08 | INFO | EDA-NB | ========================
2026-06-05 15:09:08 | INFO | EDA-NB | Executed successfully!
2026-06-05 15:09:08 | INFO | EDA-NB | ========================
2026-06-05 15:10:24 | INFO | EDA-NB | ------- Creating Histogram -------
2026-06-05 15:10:24 | INFO | EDA-NB | ------ Showing distribution of body mass ------
2026-06-05 15:11:15 | INFO | EDA-NB | ------- Creating Histogram -------
2026-06-05 15:11:15 | INFO | EDA-NB | ------ Showing distribution of body mass ------
2026-06-05 15:27:13 | INFO | EDA-NB | === RUN START ===
2026-06-05 15:27:13 | INFO | EDA-NB | project=EDA-NB
2026-06-05 15:27:13 | INFO | EDA-NB | repo_dir=datafun-04-notebooks
2026-06-05 15:27:13 | INFO | EDA-NB | python=3.14.5
2026-06-05 15:27:13 | INFO | EDA-NB | os=Windows 11
2026-06-05 15:27:13 | INFO | EDA-NB | shell=powershell
2026-06-05 15:27:13 | INFO | EDA-NB | cwd=notebooks
2026-06-05 15:27:13 | INFO | EDA-NB | github_actions=False
2026-06-05 15:27:13 | INFO | EDA-NB | Imports complete.
2026-06-05 15:27:52 | INFO | EDA-NB | Loading dataset: dynon_flight_data
2026-06-05 15:27:52 | INFO | EDA-NB | Loaded: 14131 rows, 104 columns
2026-06-05 15:28:24 | INFO | EDA-NB | Previewing first few rows of the dataset
2026-06-05 15:28:36 | INFO | EDA-NB | Column names
2026-06-05 15:28:40 | INFO | EDA-NB | DataFrame info (types and non-null counts)
2026-06-05 15:28:43 | INFO | EDA-NB | Dataset shape: 14131 rows, 104 columns
2026-06-05 15:29:36 | INFO | EDA-NB | Building starter data dictionary
2026-06-05 15:29:36 | DEBUG | EDA-NB | 
                   column    dtype  missing_count  missing_pct
0            Session Time  float64              0         0.00
1         GPS Fix Quality  float64              4         0.03
2    Number of Satellites  float64              4         0.03
3         GPS Date & Time      str            259         1.83
4          Latitude (deg)  float64            260         1.84
..                    ...      ...            ...          ...
99            GP Input 13  float64          14131       100.00
100              Contacts  float64          14131       100.00
101         Percent Power  float64          14126        99.96
102     EGT Leaning State      str          14126        99.96
103          Unnamed: 103  float64          14131       100.00

[104 rows x 4 columns]
2026-06-05 15:30:37 | INFO | EDA-NB | Missing values per column:
2026-06-05 15:30:37 | INFO | EDA-NB | Session Time                0
GPS Fix Quality             4
Number of Satellites        4
GPS Date & Time           259
Latitude (deg)            260
                        ...  
GP Input 13             14131
Contacts                14131
Percent Power           14126
EGT Leaning State       14126
Unnamed: 103            14131
Length: 104, dtype: int64
2026-06-05 15:30:37 | INFO | EDA-NB | Checking missing values per column
2026-06-05 15:30:37 | DEBUG | EDA-NB | 
Range to Destination (NM)       14131
Bearing to Destination (deg)    14131
Cross Track Error (NM)          14131
Destination Waypoint ID         14131
Fuel Flow 2 (gal/hr)            14131
                                ...  
Tach Time                           4
Heading Bug (deg)                   3
Mag Var (deg)                       2
System Time                         2
Session Time                        0
Length: 104, dtype: int64
2026-06-05 15:30:37 | INFO | EDA-NB | Duplicate rows detected: 0
2026-06-05 15:30:37 | INFO | EDA-NB | Call describe() for numeric columns
2026-06-05 15:30:37 | DEBUG | EDA-NB | 
       CHT 1 (deg C)  CHT 2 (deg C)  CHT 3 (deg C)  CHT 4 (deg C)  Indicated Airspeed (knots)
count   14122.000000   14122.000000   14122.000000   14122.000000                14125.000000
mean      144.397536     142.685809     146.236440     144.558561                   86.116191
std        37.078070      37.579192      34.166399      34.247759                   51.862339
min        13.000000      13.000000      13.000000      13.000000                    0.000000
25%       133.000000     131.000000     142.000000     142.000000                   37.500000
50%       151.000000     151.000000     155.000000     154.000000                   94.000000
75%       173.000000     171.000000     168.000000     166.000000                  133.100000
max       182.000000     181.000000     177.000000     175.000000                  165.800000

2026-06-05 15:31:18 | DEBUG | EDA-NB | Columns required to be non-missing: ['CHT 1 (deg C)', 'CHT 2 (deg C)', 'CHT 3 (deg C)', 'CHT 4 (deg C)', 'Indicated Airspeed (knots)', 'GPS Fix Quality']
2026-06-05 15:31:18 | INFO | EDA-NB | Original rows: 14131
2026-06-05 15:31:18 | INFO | EDA-NB | Clean rows:    14122
2026-06-05 15:31:18 | INFO | EDA-NB | Rows dropped:  9
2026-06-05 15:31:43 | INFO | EDA-NB | --------------- Manual statistics ---------------
2026-06-05 15:32:51 | INFO | EDA-NB | --------------- Manual statistics ---------------
2026-06-05 15:32:51 | INFO | EDA-NB | CHT 1 Statistics (using numpy):
2026-06-05 15:32:51 | INFO | EDA-NB |   Mean: 144.40 deg C
2026-06-05 15:32:51 | INFO | EDA-NB |   Std Dev: 37.08 deg C
2026-06-05 15:32:51 | INFO | EDA-NB |   Min: 13.00 deg C
2026-06-05 15:32:51 | INFO | EDA-NB |   Max: 182.00 deg C
2026-06-05 15:32:51 | INFO | EDA-NB |   Range: 169.00 deg C
2026-06-05 15:33:08 | INFO | EDA-NB | Computing overall descriptive statistics
2026-06-05 15:33:08 | DEBUG | EDA-NB | 
                              count        mean        std   min      25%    50%    75%    max
CHT 1 (deg C)               14122.0  144.397536  37.078070  13.0  133.000  151.0  173.0  182.0
CHT 2 (deg C)               14122.0  142.685809  37.579192  13.0  131.000  151.0  171.0  181.0
CHT 3 (deg C)               14122.0  146.236440  34.166399  13.0  142.000  155.0  168.0  177.0
CHT 4 (deg C)               14122.0  144.558561  34.247759  13.0  142.000  154.0  166.0  175.0
Indicated Airspeed (knots)  14122.0   86.134485  51.852655   0.0   37.775   94.0  133.1  165.8
2026-06-05 15:33:08 | INFO | EDA-NB | --------------- Using pandas groupby() and agg() ---------------
2026-06-05 15:33:08 | INFO | EDA-NB | Computing descriptive statistics by group
2026-06-05 15:33:08 | DEBUG | EDA-NB | 
                CHT 1 (deg C)                                     CHT 2 (deg C)                                      \
                        count        mean        std   min    max         count        mean        std   min    max   
GPS Fix Quality                                                                                                       
0.0                       252   59.603175  47.668941  13.0  111.0           252   59.146825  47.189858  13.0  110.0   
1.0                      3900  135.915128  50.607935  13.0  182.0          3900  134.606410  51.393006  13.0  181.0   
2.0                      9970  149.858877  25.470015  34.0  182.0          9970  147.957773  26.106065  31.0  181.0   

                CHT 3 (deg C)                                     CHT 4 (deg C)                                      \
                        count        mean        std   min    max         count        mean        std   min    max   
GPS Fix Quality                                                                                                       
0.0                       252   66.706349  54.940325  13.0  126.0           252   65.642857  53.982432  13.0  124.0   
1.0                      3900  137.855128  48.529437  13.0  177.0          3900  136.236154  48.800744  13.0  175.0   
2.0                      9970  151.525176  21.001894  36.0  177.0          9970  149.808726  21.083534  34.0  175.0   

                Indicated Airspeed (knots)                                    
                                     count       mean        std  min    max  
GPS Fix Quality                                                               
0.0                                    252   0.000000   0.000000  0.0    0.0  
1.0                                   3900  84.017487  59.789129  0.0  162.5  
2.0                                   9970  89.139719  47.032560  0.0  165.8  
2026-06-05 15:33:22 | INFO | EDA-NB | --------------- Improving the output ---------------
2026-06-05 15:33:22 | DEBUG | EDA-NB | 
                                            count        mean        std   min    max
GPS Fix Quality                                                                      
0.0             CHT 1 (deg C)                 252   59.603175  47.668941  13.0  111.0
                CHT 2 (deg C)                 252   59.146825  47.189858  13.0  110.0
                CHT 3 (deg C)                 252   66.706349  54.940325  13.0  126.0
                CHT 4 (deg C)                 252   65.642857  53.982432  13.0  124.0
                Indicated Airspeed (knots)    252    0.000000   0.000000   0.0    0.0
1.0             CHT 1 (deg C)                3900  135.915128  50.607935  13.0  182.0
                CHT 2 (deg C)                3900  134.606410  51.393006  13.0  181.0
                CHT 3 (deg C)                3900  137.855128  48.529437  13.0  177.0
                CHT 4 (deg C)                3900  136.236154  48.800744  13.0  175.0
                Indicated Airspeed (knots)   3900   84.017487  59.789129   0.0  162.5
2.0             CHT 1 (deg C)                9970  149.858877  25.470015  34.0  182.0
                CHT 2 (deg C)                9970  147.957773  26.106065  31.0  181.0
                CHT 3 (deg C)                9970  151.525176  21.001894  36.0  177.0
                CHT 4 (deg C)                9970  149.808726  21.083534  34.0  175.0
                Indicated Airspeed (knots)   9970   89.139719  47.032560   0.0  165.8
2026-06-05 15:33:44 | INFO | EDA-NB | Computing correlation matrix for numeric columns
2026-06-05 15:33:44 | INFO | EDA-NB | 
Correlation matrix:
2026-06-05 15:33:44 | DEBUG | EDA-NB | 
                         Session Time  GPS Fix Quality  Number of Satellites  Latitude (deg)  Longitude (deg)  \
Session Time                 1.000000         0.085182              0.022585       -0.092659         0.074147   
GPS Fix Quality              0.085182         1.000000              0.424649        0.121983         0.099220   
Number of Satellites         0.022585         0.424649              1.000000       -0.135155         0.147934   
Latitude (deg)              -0.092659         0.121983             -0.135155        1.000000         0.237168   
Longitude (deg)              0.074147         0.099220              0.147934        0.237168         1.000000   
...                               ...              ...                   ...             ...              ...   
OIL TEMPERATURE (deg C)      0.738168         0.054697             -0.135456        0.012193        -0.107531   
GP Input 13                       NaN              NaN                   NaN             NaN              NaN   
Contacts                          NaN              NaN                   NaN             NaN              NaN   
Percent Power                0.659921              NaN                   NaN        0.594233         0.594233   
Unnamed: 103                      NaN              NaN                   NaN             NaN              NaN   

                         GPS Altitude (feet)  Ground Speed (knots)  Ground Track (deg)  Mag Var (deg)  \
Session Time                        0.072145              0.092750            0.025926      -0.204641   
GPS Fix Quality                     0.287206              0.030759            0.228120      -0.453733   
Number of Satellites                0.300706             -0.352117            0.153032      -0.755994   
Latitude (deg)                      0.104154              0.160555           -0.024899      -0.323446   
Longitude (deg)                    -0.044183             -0.171098            0.130409       0.611012   
...                                      ...                   ...                 ...            ...   
OIL TEMPERATURE (deg C)             0.380721              0.604349           -0.087150      -0.147640   
GP Input 13                              NaN                   NaN                 NaN            NaN   
Contacts                                 NaN                   NaN                 NaN            NaN   
Percent Power                      -0.659921             -0.529297                 NaN            NaN   
Unnamed: 103                             NaN                   NaN                 NaN            NaN   

                         Cross Track Error (NM)  Destination Waypoint ID  Range to Destination (NM)  \
Session Time                                NaN                      NaN                        NaN   
GPS Fix Quality                             NaN                      NaN                        NaN   
Number of Satellites                        NaN                      NaN                        NaN   
Latitude (deg)                              NaN                      NaN                        NaN   
Longitude (deg)                             NaN                      NaN                        NaN   
...                                         ...                      ...                        ...   
OIL TEMPERATURE (deg C)                     NaN                      NaN                        NaN   
GP Input 13                                 NaN                      NaN                        NaN   
Contacts                                    NaN                      NaN                        NaN   
Percent Power                               NaN                      NaN                        NaN   
Unnamed: 103                                NaN                      NaN                        NaN   

                         Bearing to Destination (deg)  Pitch (deg)  Roll (deg)  Magnetic Heading (deg)  \
Session Time                                      NaN    -0.038276   -0.093749               -0.074555   
GPS Fix Quality                                   NaN     0.040434    0.043680                0.149654   
Number of Satellites                              NaN     0.162069    0.052616                0.186674   
Latitude (deg)                                    NaN    -0.090597    0.060360               -0.055503   
Longitude (deg)                                   NaN     0.043368   -0.056618                0.168321   
...                                               ...          ...         ...                     ...   
OIL TEMPERATURE (deg C)                           NaN    -0.125841   -0.071943               -0.232031   
GP Input 13                                       NaN          NaN         NaN                     NaN   
Contacts                                          NaN          NaN         NaN                     NaN   
Percent Power                                     NaN    -0.198486   -0.486191               -0.970378   
Unnamed: 103                                      NaN          NaN         NaN                     NaN   

                         Indicated Airspeed (knots)  Pressure Altitude (ft)  Turn Rate (deg/s)  Lateral Accel (g)  \
Session Time                               0.146394                0.104826          -0.111408           0.102031   
GPS Fix Quality                            0.141042                0.332283           0.010887           0.063525   
Number of Satellites                      -0.021289                0.316503           0.047035           0.042816   
Latitude (deg)                             0.139711                0.097162           0.055967          -0.044285   
Longitude (deg)                           -0.121316               -0.036807          -0.041381           0.011009   
...                                             ...                     ...                ...                ...   
OIL TEMPERATURE (deg C)                    0.615587                0.365571          -0.064792           0.075897   
GP Input 13                                     NaN                     NaN                NaN                NaN   
Contacts                                        NaN                     NaN                NaN                NaN   
Percent Power                                   NaN               -0.594233          -0.594233           0.584432   
Unnamed: 103                                    NaN                     NaN                NaN                NaN   

                         Vertical Accel(g)  Angle of Attack (%)  Vertical Speed (ft/min)  OAT (deg C)  \
Session Time                     -0.002353            -0.215531                -0.107053    -0.093158   
GPS Fix Quality                  -0.054159            -0.189503                -0.015840    -0.349898   
Number of Satellites             -0.132837            -0.043688                 0.084797    -0.343424   
Latitude (deg)                    0.026332            -0.122947                -0.031087     0.031153   
Longitude (deg)                  -0.026370             0.095409                -0.038250    -0.049130   
...                                    ...                  ...                      ...          ...   
OIL TEMPERATURE (deg C)           0.095324            -0.649301                -0.086922    -0.036870   
GP Input 13                            NaN                  NaN                      NaN          NaN   
Contacts                               NaN                  NaN                      NaN          NaN   
Percent Power                    -0.419027                  NaN                 0.704375          NaN   
Unnamed: 103                           NaN                  NaN                      NaN          NaN   

                         True Airspeed (knots)  ...  EGT 4 (deg C)  CHT 3 (deg C)  EGT 3 (deg C)  CHT 2 (deg C)  \
Session Time                          0.143130  ...       0.275285       0.388839       0.260611       0.336546   
GPS Fix Quality                       0.142143  ...       0.480385       0.301476       0.477904       0.277272   
Number of Satellites                 -0.016904  ...       0.374558       0.054335       0.363644       0.037033   
Latitude (deg)                        0.141535  ...       0.058626       0.055249       0.069415       0.078505   
Longitude (deg)                      -0.122381  ...      -0.063087      -0.117506      -0.067513      -0.124513   
...                                        ...  ...            ...            ...            ...            ...   
OIL TEMPERATURE (deg C)               0.614573  ...       0.485308       0.720930       0.484004       0.726413   
GP Input 13                                NaN  ...            NaN            NaN            NaN            NaN   
Contacts                                   NaN  ...            NaN            NaN            NaN            NaN   
Percent Power                              NaN  ...       0.965153       0.936367       0.953517       0.936367   
Unnamed: 103                               NaN  ...            NaN            NaN            NaN            NaN   

                         EGT 2 (deg C)  CHT 1 (deg C)  EGT 1 (deg C)  Thermocouple 13 (deg C)  \
Session Time                  0.179966       0.317760       0.231198                      NaN   
GPS Fix Quality               0.438933       0.289435       0.457309                      NaN   
Number of Satellites          0.350938       0.053944       0.356259                      NaN   
Latitude (deg)                0.086766       0.066091       0.077950                      NaN   
Longitude (deg)              -0.091965      -0.119562      -0.086511                      NaN   
...                                ...            ...            ...                      ...   
OIL TEMPERATURE (deg C)       0.440594       0.697172       0.473920                      NaN   
GP Input 13                        NaN            NaN            NaN                      NaN   
Contacts                           NaN            NaN            NaN                      NaN   
Percent Power                 0.946991       0.936367       0.967663                      NaN   
Unnamed: 103                       NaN            NaN            NaN                      NaN   

                         Thermocouple 14 (deg C)  ELEV POSITION (%)  FLAPS POSITION (deg)  GP Input 3  \
Session Time                                 NaN           0.296249              0.293478         NaN   
GPS Fix Quality                              NaN           0.002682             -0.193952         NaN   
Number of Satellites                         NaN           0.087321             -0.145553         NaN   
Latitude (deg)                               NaN          -0.235498             -0.087643         NaN   
Longitude (deg)                              NaN           0.137949              0.054574         NaN   
...                                          ...                ...                   ...         ...   
OIL TEMPERATURE (deg C)                      NaN          -0.061291              0.067673         NaN   
GP Input 13                                  NaN                NaN                   NaN         NaN   
Contacts                                     NaN                NaN                   NaN         NaN   
Percent Power                                NaN                NaN                   NaN         NaN   
Unnamed: 103                                 NaN                NaN                   NaN         NaN   

                         FUEL PRESSURE (PSI)  PHEAT CONTACT (V)  AILERN POSITION (%)  EARTHX CONTACT (V)  GP Input 8  \
Session Time                        0.073288           0.041775             0.394622           -0.331814         NaN   
GPS Fix Quality                     0.432725          -0.016934            -0.179019            0.434926         NaN   
Number of Satellites                0.471169          -0.007569            -0.404824            0.237671         NaN   
Latitude (deg)                      0.008443          -0.002730             0.235843            0.052894         NaN   
Longitude (deg)                    -0.004488           0.015378             0.012421            0.141650         NaN   
...                                      ...                ...                  ...                 ...         ...   
OIL TEMPERATURE (deg C)             0.169213           0.010205             0.292985           -0.447865         NaN   
GP Input 13                              NaN                NaN                  NaN                 NaN         NaN   
Contacts                                 NaN                NaN                  NaN                 NaN         NaN   
Percent Power                       0.958928                NaN                  NaN                 NaN         NaN   
Unnamed: 103                             NaN                NaN                  NaN                 NaN         NaN   

                         LEFT LEVEL (gal)  RIGHT LEVEL (gal)  OIL PRESSURE (PSI)  OIL TEMPERATURE (deg C)  \
Session Time                    -0.045937          -0.450828            0.002624                 0.738168   
GPS Fix Quality                  0.573585           0.359898            0.421781                 0.054697   
Number of Satellites             0.391374           0.413441            0.381726                -0.135456   
Latitude (deg)                  -0.031539           0.001050            0.076712                 0.012193   
Longitude (deg)                  0.026812          -0.047054           -0.037247                -0.107531   
...                                   ...                ...                 ...                      ...   
OIL TEMPERATURE (deg C)         -0.070349          -0.258273            0.247841                 1.000000   
GP Input 13                           NaN                NaN                 NaN                      NaN   
Contacts                              NaN                NaN                 NaN                      NaN   
Percent Power                         NaN                NaN            0.405622                 0.419027   
Unnamed: 103                          NaN                NaN                 NaN                      NaN   

                         GP Input 13  Contacts  Percent Power  Unnamed: 103  
Session Time                     NaN       NaN       0.659921           NaN  
GPS Fix Quality                  NaN       NaN            NaN           NaN  
Number of Satellites             NaN       NaN            NaN           NaN  
Latitude (deg)                   NaN       NaN       0.594233           NaN  
Longitude (deg)                  NaN       NaN       0.594233           NaN  
...                              ...       ...            ...           ...  
OIL TEMPERATURE (deg C)          NaN       NaN       0.419027           NaN  
GP Input 13                      NaN       NaN            NaN           NaN  
Contacts                         NaN       NaN            NaN           NaN  
Percent Power                    NaN       NaN       1.000000           NaN  
Unnamed: 103                     NaN       NaN            NaN           NaN  

[101 rows x 101 columns]
2026-06-05 15:34:42 | INFO | EDA-NB | ---------Visualize Correlation Matrix as a Heatmap---------------
2026-06-05 15:35:57 | INFO | EDA-NB | Computing correlation matrix for numeric columns
2026-06-05 15:35:57 | INFO | EDA-NB | 
Correlation matrix:
2026-06-05 15:35:57 | DEBUG | EDA-NB | 
                            CHT 1 (deg C)  CHT 2 (deg C)  CHT 3 (deg C)  CHT 4 (deg C)  Indicated Airspeed (knots)
CHT 1 (deg C)                    1.000000       0.996866       0.982403       0.982049                    0.800598
CHT 2 (deg C)                    0.996866       1.000000       0.977563       0.980461                    0.821014
CHT 3 (deg C)                    0.982403       0.977563       1.000000       0.997949                    0.701988
CHT 4 (deg C)                    0.982049       0.980461       0.997949       1.000000                    0.715836
Indicated Airspeed (knots)       0.800598       0.821014       0.701988       0.715836                    1.000000
2026-06-05 15:35:59 | INFO | EDA-NB | ---------Visualize Correlation Matrix as a Heatmap---------------
2026-06-05 15:37:58 | INFO | EDA-NB | ---- Creating Scatter Plot to see Relationships ------
2026-06-05 15:37:58 | INFO | EDA-NB | ----   Use clean dataframe ---------------------------
2026-06-05 15:37:58 | INFO | EDA-NB | ----   Set x to flipper length -----------------------
2026-06-05 15:37:58 | INFO | EDA-NB | ----   Set y to bill length --------------------------
2026-06-05 15:37:58 | INFO | EDA-NB | ----   Set the hue (color mapping) to the group column --
2026-06-05 15:38:02 | INFO | EDA-NB | ------- Creating another chart -------
2026-06-05 15:38:02 | INFO | EDA-NB | ------ Creating Box Plot to see Distribution: ---------
2026-06-05 15:38:02 | INFO | EDA-NB | ------   Use clean dataframe --------------------------
2026-06-05 15:38:02 | INFO | EDA-NB | ------   Set x to the group column --------------------
2026-06-05 15:38:02 | INFO | EDA-NB | ------   Set y to flipper length ----------------------
2026-06-05 15:39:58 | INFO | EDA-NB | ------- Creating another chart -------
2026-06-05 15:39:58 | INFO | EDA-NB | ------ Creating Box Plot to see Distribution: ---------
2026-06-05 15:39:58 | INFO | EDA-NB | ------   Use clean dataframe --------------------------
2026-06-05 15:39:58 | INFO | EDA-NB | ------   Set x to the group column --------------------
2026-06-05 15:39:58 | INFO | EDA-NB | ------   Set y to flipper length ----------------------
2026-06-05 15:40:15 | INFO | EDA-NB | ------- Creating another chart -------
2026-06-05 15:40:15 | INFO | EDA-NB | ------ Creating Box Plot to see Distribution: ---------
2026-06-05 15:40:15 | INFO | EDA-NB | ------   Use clean dataframe --------------------------
2026-06-05 15:40:15 | INFO | EDA-NB | ------   Set x to the group column --------------------
2026-06-05 15:40:15 | INFO | EDA-NB | ------   Set y to flipper length ----------------------
2026-06-05 15:40:55 | INFO | EDA-NB | ------- Creating another chart -------
2026-06-05 15:40:55 | INFO | EDA-NB | ------ Creating Box Plot to see Distribution: ---------
2026-06-05 15:40:55 | INFO | EDA-NB | ------   Use clean dataframe --------------------------
2026-06-05 15:40:55 | INFO | EDA-NB | ------   Set x to GPS Fix Quality ---------------------
2026-06-05 15:40:55 | INFO | EDA-NB | ------   Set y to CHT 1 (deg C) ----------------------
2026-06-05 15:42:09 | INFO | EDA-NB | ========================
2026-06-05 15:42:09 | INFO | EDA-NB | SUMMARY
2026-06-05 15:42:09 | INFO | EDA-NB | ========================
2026-06-05 15:42:09 | INFO | EDA-NB | Dataset: dynon_flight_data
2026-06-05 15:42:09 | INFO | EDA-NB | Original rows: 14131
2026-06-05 15:42:09 | INFO | EDA-NB | Clean rows:    14122
2026-06-05 15:42:09 | INFO | EDA-NB | Groups found in GPS Fix Quality: [np.float64(0.0), np.float64(1.0), np.float64(2.0)]
2026-06-05 15:42:09 | INFO | EDA-NB | Strongest correlations: 
2026-06-05 15:42:09 | INFO | EDA-NB |   CHT 1 and CHT 2 (~1.0) - all cylinders heat and cool together
2026-06-05 15:42:09 | INFO | EDA-NB |   CHT 1 and Indicated Airspeed (~0.80) - higher airspeed = higher CHT
2026-06-05 15:42:09 | INFO | EDA-NB |   CHT 2 and Indicated Airspeed (~0.82) - slightly stronger than CHT 1
2026-06-05 15:42:09 | INFO | EDA-NB |   CHT 3 and CHT 4 show slightly weaker airspeed correlation (~0.70-0.72)
2026-06-05 15:42:09 | INFO | EDA-NB | Suggested next step: 
2026-06-05 15:42:09 | INFO | EDA-NB |   Model CHT ~ Indicated Airspeed with linear regression
2026-06-05 15:42:09 | INFO | EDA-NB |   Investigate why front cylinders (1,2) correlate more strongly with airspeed
2026-06-05 15:42:09 | INFO | EDA-NB | EDA workflow complete
2026-06-05 15:42:09 | INFO | EDA-NB | IMPORTANT: This script creates chart windows.
2026-06-05 15:42:09 | INFO | EDA-NB | Close any chart windows and terminate this process with CTRL+c as needed.
2026-06-05 15:42:09 | INFO | EDA-NB | ========================
2026-06-05 15:42:09 | INFO | EDA-NB | Executed successfully!
2026-06-05 15:42:09 | INFO | EDA-NB | ========================
2026-06-05 15:42:45 | INFO | EDA-NB | ------- Creating Histogram -------
2026-06-05 15:42:45 | INFO | EDA-NB | ------ Showing distribution of CHT 1 by GPS Fix Quality ------
